Archive member included to satisfy reference by file (symbol)

c:/program files (x86)/atmel/studio/7.0/toolchain/avr8/avr8-gnu-toolchain/bin/../lib/gcc/avr/5.4.0/avr5\libgcc.a(_udivmodhi4.o)
                              Source/queue.o (__udivmodhi4)
c:/program files (x86)/atmel/studio/7.0/toolchain/avr8/avr8-gnu-toolchain/bin/../lib/gcc/avr/5.4.0/avr5\libgcc.a(_udivmodsi4.o)
                              drivers/src/uart.o (__udivmodsi4)
c:/program files (x86)/atmel/studio/7.0/toolchain/avr8/avr8-gnu-toolchain/bin/../lib/gcc/avr/5.4.0/avr5\libgcc.a(_exit.o)
                              C:/Program Files (x86)/Atmel/Studio/7.0/Packs/atmel/ATmega_DFP/1.6.364/gcc/dev/atmega32/avr5/crtatmega32.o (exit)
c:/program files (x86)/atmel/studio/7.0/toolchain/avr8/avr8-gnu-toolchain/bin/../lib/gcc/avr/5.4.0/avr5\libgcc.a(_tablejump2.o)
                              drivers/src/7seg.o (__tablejump2__)
c:/program files (x86)/atmel/studio/7.0/toolchain/avr8/avr8-gnu-toolchain/bin/../lib/gcc/avr/5.4.0/avr5\libgcc.a(_copy_data.o)
                              Source/tasks.o (__do_copy_data)
c:/program files (x86)/atmel/studio/7.0/toolchain/avr8/avr8-gnu-toolchain/bin/../lib/gcc/avr/5.4.0/avr5\libgcc.a(_clear_bss.o)
                              drivers/src/7seg.o (__do_clear_bss)
c:/program files (x86)/atmel/studio/7.0/toolchain/avr8/avr8-gnu-toolchain/bin/../lib/gcc/avr/5.4.0/avr5\libgcc.a(_umulhisi3.o)
                              drivers/src/7seg.o (__umulhisi3)
c:/program files (x86)/atmel/studio/7.0/toolchain/avr8/avr8-gnu-toolchain/bin/../lib/gcc/avr/5.4.0/../../../../avr/lib/avr5\libc.a(memcpy.o)
                              Source/queue.o (memcpy)
c:/program files (x86)/atmel/studio/7.0/toolchain/avr8/avr8-gnu-toolchain/bin/../lib/gcc/avr/5.4.0/../../../../avr/lib/avr5\libc.a(itoa.o)
                              drivers/src/lcd.o (itoa)
c:/program files (x86)/atmel/studio/7.0/toolchain/avr8/avr8-gnu-toolchain/bin/../lib/gcc/avr/5.4.0/../../../../avr/lib/avr5\libc.a(itoa_ncheck.o)
                              c:/program files (x86)/atmel/studio/7.0/toolchain/avr8/avr8-gnu-toolchain/bin/../lib/gcc/avr/5.4.0/../../../../avr/lib/avr5\libc.a(itoa.o) (__itoa_ncheck)
c:/program files (x86)/atmel/studio/7.0/toolchain/avr8/avr8-gnu-toolchain/bin/../lib/gcc/avr/5.4.0/../../../../avr/lib/avr5\libc.a(utoa_ncheck.o)
                              c:/program files (x86)/atmel/studio/7.0/toolchain/avr8/avr8-gnu-toolchain/bin/../lib/gcc/avr/5.4.0/../../../../avr/lib/avr5\libc.a(itoa_ncheck.o) (__utoa_common)
c:/program files (x86)/atmel/studio/7.0/toolchain/avr8/avr8-gnu-toolchain/bin/../lib/gcc/avr/5.4.0/../../../../avr/lib/avr5\libc.a(strrev.o)
                              c:/program files (x86)/atmel/studio/7.0/toolchain/avr8/avr8-gnu-toolchain/bin/../lib/gcc/avr/5.4.0/../../../../avr/lib/avr5\libc.a(utoa_ncheck.o) (strrev)

Allocating common symbols
Common symbol       size              file

task3ptr            0x2               main.o
state               0x1               main.o
task2ptr            0x2               main.o
task1ptr            0x2               main.o
color               0x1               drivers/src/7seg.o

Discarded input sections

 .data          0x00000000        0x0 C:/Program Files (x86)/Atmel/Studio/7.0/Packs/atmel/ATmega_DFP/1.6.364/gcc/dev/atmega32/avr5/crtatmega32.o
 .bss           0x00000000        0x0 C:/Program Files (x86)/Atmel/Studio/7.0/Packs/atmel/ATmega_DFP/1.6.364/gcc/dev/atmega32/avr5/crtatmega32.o
 .text          0x00000000        0x0 drivers/src/7seg.o
 .data          0x00000000        0x0 drivers/src/7seg.o
 .bss           0x00000000        0x0 drivers/src/7seg.o
 .text.display_off
                0x00000000        0x8 drivers/src/7seg.o
 COMMON         0x00000000        0x1 drivers/src/7seg.o
 .text          0x00000000        0x0 drivers/src/adc.o
 .data          0x00000000        0x0 drivers/src/adc.o
 .bss           0x00000000        0x0 drivers/src/adc.o
 .text          0x00000000        0x0 drivers/src/lcd.o
 .data          0x00000000        0x0 drivers/src/lcd.o
 .bss           0x00000000        0x0 drivers/src/lcd.o
 .text.LCD_sendCommand
                0x00000000       0x4c drivers/src/lcd.o
 .text.LCD_init
                0x00000000       0x1e drivers/src/lcd.o
 .text.LCD_displayCharacter
                0x00000000       0x4c drivers/src/lcd.o
 .text.LCD_displayString
                0x00000000       0x26 drivers/src/lcd.o
 .text.LCD_goToRowColumn
                0x00000000       0x2e drivers/src/lcd.o
 .text.LCD_displayStringRowColumn
                0x00000000       0x16 drivers/src/lcd.o
 .text.LCD_intgerToString
                0x00000000       0x3c drivers/src/lcd.o
 .text.LCD_clearScreen
                0x00000000        0x8 drivers/src/lcd.o
 .debug_info    0x00000000      0x56b drivers/src/lcd.o
 .debug_abbrev  0x00000000      0x1de drivers/src/lcd.o
 .debug_loc     0x00000000      0x4a5 drivers/src/lcd.o
 .debug_aranges
                0x00000000       0x58 drivers/src/lcd.o
 .debug_ranges  0x00000000       0x48 drivers/src/lcd.o
 .debug_line    0x00000000      0x2da drivers/src/lcd.o
 .debug_str     0x00000000      0x2be drivers/src/lcd.o
 .comment       0x00000000       0x31 drivers/src/lcd.o
 .debug_frame   0x00000000       0xc0 drivers/src/lcd.o
 .text          0x00000000        0x0 drivers/src/pwm.o
 .data          0x00000000        0x0 drivers/src/pwm.o
 .bss           0x00000000        0x0 drivers/src/pwm.o
 .text          0x00000000        0x0 drivers/src/tasks.o
 .data          0x00000000        0x0 drivers/src/tasks.o
 .bss           0x00000000        0x0 drivers/src/tasks.o
 .debug_line    0x00000000        0x0 drivers/src/tasks.o
 .debug_str     0x00000000      0x106 drivers/src/tasks.o
 .comment       0x00000000       0x31 drivers/src/tasks.o
 .text          0x00000000        0x0 drivers/src/Timer.o
 .data          0x00000000        0x0 drivers/src/Timer.o
 .bss           0x00000000        0x0 drivers/src/Timer.o
 .text.timer0_init_CTC_mode
                0x00000000       0x10 drivers/src/Timer.o
 .text          0x00000000        0x0 drivers/src/uart.o
 .data          0x00000000        0x0 drivers/src/uart.o
 .bss           0x00000000        0x0 drivers/src/uart.o
 .text          0x00000000        0x0 Source/croutine.o
 .data          0x00000000        0x0 Source/croutine.o
 .bss           0x00000000        0x0 Source/croutine.o
 .text.prvInitialiseCoRoutineLists
                0x00000000       0x5e Source/croutine.o
 .text.prvCheckPendingReadyList
                0x00000000       0x6c Source/croutine.o
 .text.prvCheckDelayedList
                0x00000000      0x106 Source/croutine.o
 .text.xCoRoutineCreate
                0x00000000       0xba Source/croutine.o
 .text.vCoRoutineAddToDelayedList
                0x00000000       0x86 Source/croutine.o
 .text.vCoRoutineSchedule
                0x00000000       0xbe Source/croutine.o
 .text.xCoRoutineRemoveFromEventList
                0x00000000       0x4c Source/croutine.o
 .bss.xPassedTicks
                0x00000000        0x2 Source/croutine.o
 .bss.xLastTickCount
                0x00000000        0x2 Source/croutine.o
 .bss.xCoRoutineTickCount
                0x00000000        0x2 Source/croutine.o
 .bss.uxTopCoRoutineReadyPriority
                0x00000000        0x1 Source/croutine.o
 .bss.pxCurrentCoRoutine
                0x00000000        0x2 Source/croutine.o
 .bss.xPendingReadyCoRoutineList
                0x00000000        0x9 Source/croutine.o
 .bss.pxOverflowDelayedCoRoutineList
                0x00000000        0x2 Source/croutine.o
 .bss.pxDelayedCoRoutineList
                0x00000000        0x2 Source/croutine.o
 .bss.xDelayedCoRoutineList2
                0x00000000        0x9 Source/croutine.o
 .bss.xDelayedCoRoutineList1
                0x00000000        0x9 Source/croutine.o
 .bss.pxReadyCoRoutineLists
                0x00000000       0x12 Source/croutine.o
 .debug_info    0x00000000      0x72d Source/croutine.o
 .debug_abbrev  0x00000000      0x205 Source/croutine.o
 .debug_loc     0x00000000      0x3f0 Source/croutine.o
 .debug_aranges
                0x00000000       0x50 Source/croutine.o
 .debug_ranges  0x00000000       0x40 Source/croutine.o
 .debug_line    0x00000000      0x3e3 Source/croutine.o
 .debug_str     0x00000000      0x543 Source/croutine.o
 .comment       0x00000000       0x31 Source/croutine.o
 .debug_frame   0x00000000      0x100 Source/croutine.o
 .text          0x00000000        0x0 Source/event_groups.o
 .data          0x00000000        0x0 Source/event_groups.o
 .bss           0x00000000        0x0 Source/event_groups.o
 .text.prvTestWaitCondition
                0x00000000       0x26 Source/event_groups.o
 .text.xEventGroupCreate
                0x00000000       0x26 Source/event_groups.o
 .text.xEventGroupWaitBits
                0x00000000       0xe4 Source/event_groups.o
 .text.xEventGroupClearBits
                0x00000000       0x1e Source/event_groups.o
 .text.xEventGroupGetBitsFromISR
                0x00000000        0x8 Source/event_groups.o
 .text.xEventGroupSetBits
                0x00000000       0xc8 Source/event_groups.o
 .text.xEventGroupSync
                0x00000000       0xd6 Source/event_groups.o
 .text.vEventGroupDelete
                0x00000000       0x2e Source/event_groups.o
 .text.vEventGroupSetBitsCallback
                0x00000000        0x8 Source/event_groups.o
 .text.vEventGroupClearBitsCallback
                0x00000000        0x8 Source/event_groups.o
 .debug_info    0x00000000      0x8df Source/event_groups.o
 .debug_abbrev  0x00000000      0x1dc Source/event_groups.o
 .debug_loc     0x00000000      0xb41 Source/event_groups.o
 .debug_aranges
                0x00000000       0x68 Source/event_groups.o
 .debug_ranges  0x00000000       0x70 Source/event_groups.o
 .debug_line    0x00000000      0x434 Source/event_groups.o
 .debug_str     0x00000000      0x58d Source/event_groups.o
 .comment       0x00000000       0x31 Source/event_groups.o
 .debug_frame   0x00000000      0x15c Source/event_groups.o
 .text          0x00000000        0x0 Source/list.o
 .data          0x00000000        0x0 Source/list.o
 .bss           0x00000000        0x0 Source/list.o
 .text.vListInsertEnd
                0x00000000       0x42 Source/list.o
 .text          0x00000000        0x0 Source/portable/GCC/ATMega323/port.o
 .data          0x00000000        0x0 Source/portable/GCC/ATMega323/port.o
 .bss           0x00000000        0x0 Source/portable/GCC/ATMega323/port.o
 .text.vPortEndScheduler
                0x00000000        0x2 Source/portable/GCC/ATMega323/port.o
 .text          0x00000000        0x0 Source/portable/MemMang/heap_1.o
 .data          0x00000000        0x0 Source/portable/MemMang/heap_1.o
 .bss           0x00000000        0x0 Source/portable/MemMang/heap_1.o
 .text.vPortInitialiseBlocks
                0x00000000        0xa Source/portable/MemMang/heap_1.o
 .text.xPortGetFreeHeapSize
                0x00000000       0x12 Source/portable/MemMang/heap_1.o
 .text          0x00000000        0x0 Source/queue.o
 .data          0x00000000        0x0 Source/queue.o
 .bss           0x00000000        0x0 Source/queue.o
 .text.prvIsQueueEmpty
                0x00000000       0x1a Source/queue.o
 .text.prvIsQueueFull
                0x00000000       0x1c Source/queue.o
 .text.prvCopyDataToQueue
                0x00000000       0x92 Source/queue.o
 .text.prvCopyDataFromQueue
                0x00000000       0x34 Source/queue.o
 .text.prvUnlockQueue
                0x00000000       0x68 Source/queue.o
 .text.xQueueGenericReset
                0x00000000       0xc0 Source/queue.o
 .text.prvInitialiseNewQueue
                0x00000000       0x26 Source/queue.o
 .text.xQueueGenericCreate
                0x00000000       0x82 Source/queue.o
 .text.xQueueGenericSend
                0x00000000      0x124 Source/queue.o
 .text.xQueueGenericSendFromISR
                0x00000000       0x78 Source/queue.o
 .text.xQueueGiveFromISR
                0x00000000       0x52 Source/queue.o
 .text.xQueueReceive
                0x00000000      0x11e Source/queue.o
 .text.xQueueSemaphoreTake
                0x00000000      0x106 Source/queue.o
 .text.xQueuePeek
                0x00000000      0x122 Source/queue.o
 .text.xQueueReceiveFromISR
                0x00000000       0x6e Source/queue.o
 .text.xQueuePeekFromISR
                0x00000000       0x2e Source/queue.o
 .text.uxQueueMessagesWaiting
                0x00000000       0x10 Source/queue.o
 .text.uxQueueSpacesAvailable
                0x00000000       0x16 Source/queue.o
 .text.uxQueueMessagesWaitingFromISR
                0x00000000        0x6 Source/queue.o
 .text.vQueueDelete
                0x00000000        0x6 Source/queue.o
 .text.xQueueIsQueueEmptyFromISR
                0x00000000       0x10 Source/queue.o
 .text.xQueueIsQueueFullFromISR
                0x00000000       0x12 Source/queue.o
 .text.xQueueCRSend
                0x00000000       0x80 Source/queue.o
 .text.xQueueCRReceive
                0x00000000       0x92 Source/queue.o
 .text.xQueueCRSendFromISR
                0x00000000       0x4c Source/queue.o
 .text.xQueueCRReceiveFromISR
                0x00000000       0x82 Source/queue.o
 .debug_info    0x00000000     0x177f Source/queue.o
 .debug_abbrev  0x00000000      0x227 Source/queue.o
 .debug_loc     0x00000000     0x1ee5 Source/queue.o
 .debug_aranges
                0x00000000       0xe8 Source/queue.o
 .debug_ranges  0x00000000      0x120 Source/queue.o
 .debug_line    0x00000000      0xc85 Source/queue.o
 .debug_str     0x00000000      0x825 Source/queue.o
 .comment       0x00000000       0x31 Source/queue.o
 .debug_frame   0x00000000      0x37c Source/queue.o
 .text          0x00000000        0x0 Source/tasks.o
 .data          0x00000000        0x0 Source/tasks.o
 .bss           0x00000000        0x0 Source/tasks.o
 .text.vTaskDelete
                0x00000000       0xb0 Source/tasks.o
 .text.vTaskEndScheduler
                0x00000000        0xc Source/tasks.o
 .text.xTaskGetTickCountFromISR
                0x00000000        0xa Source/tasks.o
 .text.uxTaskGetNumberOfTasks
                0x00000000        0x6 Source/tasks.o
 .text.pcTaskGetName
                0x00000000       0x10 Source/tasks.o
 .text.xTaskCatchUpTicks
                0x00000000       0x28 Source/tasks.o
 .text.vTaskPlaceOnEventList
                0x00000000       0x24 Source/tasks.o
 .text.vTaskPlaceOnUnorderedEventList
                0x00000000       0x8c Source/tasks.o
 .text.xTaskRemoveFromEventList
                0x00000000      0x17a Source/tasks.o
 .text.vTaskRemoveFromUnorderedEventList
                0x00000000      0x14c Source/tasks.o
 .text.vTaskSetTimeOutState
                0x00000000       0x20 Source/tasks.o
 .text.vTaskInternalSetTimeOutState
                0x00000000       0x16 Source/tasks.o
 .text.xTaskCheckForTimeOut
                0x00000000       0x64 Source/tasks.o
 .text.vTaskMissedYield
                0x00000000        0x8 Source/tasks.o
 .text.uxTaskResetEventItemValue
                0x00000000       0x2e Source/tasks.o
 .text.ulTaskGenericNotifyTake
                0x00000000      0x106 Source/tasks.o
 .text.xTaskGenericNotifyWait
                0x00000000      0x142 Source/tasks.o
 .text.xTaskGenericNotify
                0x00000000      0x20a Source/tasks.o
 .text.xTaskGenericNotifyFromISR
                0x00000000      0x260 Source/tasks.o
 .text.vTaskGenericNotifyGiveFromISR
                0x00000000      0x194 Source/tasks.o
 .text.xTaskGenericNotifyStateClear
                0x00000000       0x34 Source/tasks.o
 .text.ulTaskGenericNotifyValueClear
                0x00000000       0x6c Source/tasks.o
 .text          0x00000000        0x0 Source/timers.o
 .data          0x00000000        0x0 Source/timers.o
 .bss           0x00000000        0x0 Source/timers.o
 .debug_info    0x00000000       0x64 Source/timers.o
 .debug_abbrev  0x00000000       0x26 Source/timers.o
 .debug_aranges
                0x00000000       0x18 Source/timers.o
 .debug_line    0x00000000       0x1a Source/timers.o
 .debug_str     0x00000000      0x177 Source/timers.o
 .comment       0x00000000       0x31 Source/timers.o
 .text          0x00000000        0x0 main.o
 .data          0x00000000        0x0 main.o
 .bss           0x00000000        0x0 main.o
 .text          0x00000000        0x0 c:/program files (x86)/atmel/studio/7.0/toolchain/avr8/avr8-gnu-toolchain/bin/../lib/gcc/avr/5.4.0/avr5\libgcc.a(_udivmodhi4.o)
 .data          0x00000000        0x0 c:/program files (x86)/atmel/studio/7.0/toolchain/avr8/avr8-gnu-toolchain/bin/../lib/gcc/avr/5.4.0/avr5\libgcc.a(_udivmodhi4.o)
 .bss           0x00000000        0x0 c:/program files (x86)/atmel/studio/7.0/toolchain/avr8/avr8-gnu-toolchain/bin/../lib/gcc/avr/5.4.0/avr5\libgcc.a(_udivmodhi4.o)
 .text.libgcc.mul
                0x00000000        0x0 c:/program files (x86)/atmel/studio/7.0/toolchain/avr8/avr8-gnu-toolchain/bin/../lib/gcc/avr/5.4.0/avr5\libgcc.a(_udivmodhi4.o)
 .text.libgcc.div
                0x00000000       0x28 c:/program files (x86)/atmel/studio/7.0/toolchain/avr8/avr8-gnu-toolchain/bin/../lib/gcc/avr/5.4.0/avr5\libgcc.a(_udivmodhi4.o)
 .text.libgcc   0x00000000        0x0 c:/program files (x86)/atmel/studio/7.0/toolchain/avr8/avr8-gnu-toolchain/bin/../lib/gcc/avr/5.4.0/avr5\libgcc.a(_udivmodhi4.o)
 .text.libgcc.prologue
                0x00000000        0x0 c:/program files (x86)/atmel/studio/7.0/toolchain/avr8/avr8-gnu-toolchain/bin/../lib/gcc/avr/5.4.0/avr5\libgcc.a(_udivmodhi4.o)
 .text.libgcc.builtins
                0x00000000        0x0 c:/program files (x86)/atmel/studio/7.0/toolchain/avr8/avr8-gnu-toolchain/bin/../lib/gcc/avr/5.4.0/avr5\libgcc.a(_udivmodhi4.o)
 .text.libgcc.fmul
                0x00000000        0x0 c:/program files (x86)/atmel/studio/7.0/toolchain/avr8/avr8-gnu-toolchain/bin/../lib/gcc/avr/5.4.0/avr5\libgcc.a(_udivmodhi4.o)
 .text.libgcc.fixed
                0x00000000        0x0 c:/program files (x86)/atmel/studio/7.0/toolchain/avr8/avr8-gnu-toolchain/bin/../lib/gcc/avr/5.4.0/avr5\libgcc.a(_udivmodhi4.o)
 .text          0x00000000        0x0 c:/program files (x86)/atmel/studio/7.0/toolchain/avr8/avr8-gnu-toolchain/bin/../lib/gcc/avr/5.4.0/avr5\libgcc.a(_udivmodsi4.o)
 .data          0x00000000        0x0 c:/program files (x86)/atmel/studio/7.0/toolchain/avr8/avr8-gnu-toolchain/bin/../lib/gcc/avr/5.4.0/avr5\libgcc.a(_udivmodsi4.o)
 .bss           0x00000000        0x0 c:/program files (x86)/atmel/studio/7.0/toolchain/avr8/avr8-gnu-toolchain/bin/../lib/gcc/avr/5.4.0/avr5\libgcc.a(_udivmodsi4.o)
 .text.libgcc.mul
                0x00000000        0x0 c:/program files (x86)/atmel/studio/7.0/toolchain/avr8/avr8-gnu-toolchain/bin/../lib/gcc/avr/5.4.0/avr5\libgcc.a(_udivmodsi4.o)
 .text.libgcc   0x00000000        0x0 c:/program files (x86)/atmel/studio/7.0/toolchain/avr8/avr8-gnu-toolchain/bin/../lib/gcc/avr/5.4.0/avr5\libgcc.a(_udivmodsi4.o)
 .text.libgcc.prologue
                0x00000000        0x0 c:/program files (x86)/atmel/studio/7.0/toolchain/avr8/avr8-gnu-toolchain/bin/../lib/gcc/avr/5.4.0/avr5\libgcc.a(_udivmodsi4.o)
 .text.libgcc.builtins
                0x00000000        0x0 c:/program files (x86)/atmel/studio/7.0/toolchain/avr8/avr8-gnu-toolchain/bin/../lib/gcc/avr/5.4.0/avr5\libgcc.a(_udivmodsi4.o)
 .text.libgcc.fmul
                0x00000000        0x0 c:/program files (x86)/atmel/studio/7.0/toolchain/avr8/avr8-gnu-toolchain/bin/../lib/gcc/avr/5.4.0/avr5\libgcc.a(_udivmodsi4.o)
 .text.libgcc.fixed
                0x00000000        0x0 c:/program files (x86)/atmel/studio/7.0/toolchain/avr8/avr8-gnu-toolchain/bin/../lib/gcc/avr/5.4.0/avr5\libgcc.a(_udivmodsi4.o)
 .text          0x00000000        0x0 c:/program files (x86)/atmel/studio/7.0/toolchain/avr8/avr8-gnu-toolchain/bin/../lib/gcc/avr/5.4.0/avr5\libgcc.a(_exit.o)
 .data          0x00000000        0x0 c:/program files (x86)/atmel/studio/7.0/toolchain/avr8/avr8-gnu-toolchain/bin/../lib/gcc/avr/5.4.0/avr5\libgcc.a(_exit.o)
 .bss           0x00000000        0x0 c:/program files (x86)/atmel/studio/7.0/toolchain/avr8/avr8-gnu-toolchain/bin/../lib/gcc/avr/5.4.0/avr5\libgcc.a(_exit.o)
 .text.libgcc.mul
                0x00000000        0x0 c:/program files (x86)/atmel/studio/7.0/toolchain/avr8/avr8-gnu-toolchain/bin/../lib/gcc/avr/5.4.0/avr5\libgcc.a(_exit.o)
 .text.libgcc.div
                0x00000000        0x0 c:/program files (x86)/atmel/studio/7.0/toolchain/avr8/avr8-gnu-toolchain/bin/../lib/gcc/avr/5.4.0/avr5\libgcc.a(_exit.o)
 .text.libgcc   0x00000000        0x0 c:/program files (x86)/atmel/studio/7.0/toolchain/avr8/avr8-gnu-toolchain/bin/../lib/gcc/avr/5.4.0/avr5\libgcc.a(_exit.o)
 .text.libgcc.prologue
                0x00000000        0x0 c:/program files (x86)/atmel/studio/7.0/toolchain/avr8/avr8-gnu-toolchain/bin/../lib/gcc/avr/5.4.0/avr5\libgcc.a(_exit.o)
 .text.libgcc.builtins
                0x00000000        0x0 c:/program files (x86)/atmel/studio/7.0/toolchain/avr8/avr8-gnu-toolchain/bin/../lib/gcc/avr/5.4.0/avr5\libgcc.a(_exit.o)
 .text.libgcc.fmul
                0x00000000        0x0 c:/program files (x86)/atmel/studio/7.0/toolchain/avr8/avr8-gnu-toolchain/bin/../lib/gcc/avr/5.4.0/avr5\libgcc.a(_exit.o)
 .text.libgcc.fixed
                0x00000000        0x0 c:/program files (x86)/atmel/studio/7.0/toolchain/avr8/avr8-gnu-toolchain/bin/../lib/gcc/avr/5.4.0/avr5\libgcc.a(_exit.o)
 .text          0x00000000        0x0 c:/program files (x86)/atmel/studio/7.0/toolchain/avr8/avr8-gnu-toolchain/bin/../lib/gcc/avr/5.4.0/avr5\libgcc.a(_tablejump2.o)
 .data          0x00000000        0x0 c:/program files (x86)/atmel/studio/7.0/toolchain/avr8/avr8-gnu-toolchain/bin/../lib/gcc/avr/5.4.0/avr5\libgcc.a(_tablejump2.o)
 .bss           0x00000000        0x0 c:/program files (x86)/atmel/studio/7.0/toolchain/avr8/avr8-gnu-toolchain/bin/../lib/gcc/avr/5.4.0/avr5\libgcc.a(_tablejump2.o)
 .text.libgcc.mul
                0x00000000        0x0 c:/program files (x86)/atmel/studio/7.0/toolchain/avr8/avr8-gnu-toolchain/bin/../lib/gcc/avr/5.4.0/avr5\libgcc.a(_tablejump2.o)
 .text.libgcc.div
                0x00000000        0x0 c:/program files (x86)/atmel/studio/7.0/toolchain/avr8/avr8-gnu-toolchain/bin/../lib/gcc/avr/5.4.0/avr5\libgcc.a(_tablejump2.o)
 .text.libgcc.prologue
                0x00000000        0x0 c:/program files (x86)/atmel/studio/7.0/toolchain/avr8/avr8-gnu-toolchain/bin/../lib/gcc/avr/5.4.0/avr5\libgcc.a(_tablejump2.o)
 .text.libgcc.builtins
                0x00000000        0x0 c:/program files (x86)/atmel/studio/7.0/toolchain/avr8/avr8-gnu-toolchain/bin/../lib/gcc/avr/5.4.0/avr5\libgcc.a(_tablejump2.o)
 .text.libgcc.fmul
                0x00000000        0x0 c:/program files (x86)/atmel/studio/7.0/toolchain/avr8/avr8-gnu-toolchain/bin/../lib/gcc/avr/5.4.0/avr5\libgcc.a(_tablejump2.o)
 .text.libgcc.fixed
                0x00000000        0x0 c:/program files (x86)/atmel/studio/7.0/toolchain/avr8/avr8-gnu-toolchain/bin/../lib/gcc/avr/5.4.0/avr5\libgcc.a(_tablejump2.o)
 .text          0x00000000        0x0 c:/program files (x86)/atmel/studio/7.0/toolchain/avr8/avr8-gnu-toolchain/bin/../lib/gcc/avr/5.4.0/avr5\libgcc.a(_copy_data.o)
 .data          0x00000000        0x0 c:/program files (x86)/atmel/studio/7.0/toolchain/avr8/avr8-gnu-toolchain/bin/../lib/gcc/avr/5.4.0/avr5\libgcc.a(_copy_data.o)
 .bss           0x00000000        0x0 c:/program files (x86)/atmel/studio/7.0/toolchain/avr8/avr8-gnu-toolchain/bin/../lib/gcc/avr/5.4.0/avr5\libgcc.a(_copy_data.o)
 .text.libgcc.mul
                0x00000000        0x0 c:/program files (x86)/atmel/studio/7.0/toolchain/avr8/avr8-gnu-toolchain/bin/../lib/gcc/avr/5.4.0/avr5\libgcc.a(_copy_data.o)
 .text.libgcc.div
                0x00000000        0x0 c:/program files (x86)/atmel/studio/7.0/toolchain/avr8/avr8-gnu-toolchain/bin/../lib/gcc/avr/5.4.0/avr5\libgcc.a(_copy_data.o)
 .text.libgcc   0x00000000        0x0 c:/program files (x86)/atmel/studio/7.0/toolchain/avr8/avr8-gnu-toolchain/bin/../lib/gcc/avr/5.4.0/avr5\libgcc.a(_copy_data.o)
 .text.libgcc.prologue
                0x00000000        0x0 c:/program files (x86)/atmel/studio/7.0/toolchain/avr8/avr8-gnu-toolchain/bin/../lib/gcc/avr/5.4.0/avr5\libgcc.a(_copy_data.o)
 .text.libgcc.builtins
                0x00000000        0x0 c:/program files (x86)/atmel/studio/7.0/toolchain/avr8/avr8-gnu-toolchain/bin/../lib/gcc/avr/5.4.0/avr5\libgcc.a(_copy_data.o)
 .text.libgcc.fmul
                0x00000000        0x0 c:/program files (x86)/atmel/studio/7.0/toolchain/avr8/avr8-gnu-toolchain/bin/../lib/gcc/avr/5.4.0/avr5\libgcc.a(_copy_data.o)
 .text.libgcc.fixed
                0x00000000        0x0 c:/program files (x86)/atmel/studio/7.0/toolchain/avr8/avr8-gnu-toolchain/bin/../lib/gcc/avr/5.4.0/avr5\libgcc.a(_copy_data.o)
 .text          0x00000000        0x0 c:/program files (x86)/atmel/studio/7.0/toolchain/avr8/avr8-gnu-toolchain/bin/../lib/gcc/avr/5.4.0/avr5\libgcc.a(_clear_bss.o)
 .data          0x00000000        0x0 c:/program files (x86)/atmel/studio/7.0/toolchain/avr8/avr8-gnu-toolchain/bin/../lib/gcc/avr/5.4.0/avr5\libgcc.a(_clear_bss.o)
 .bss           0x00000000        0x0 c:/program files (x86)/atmel/studio/7.0/toolchain/avr8/avr8-gnu-toolchain/bin/../lib/gcc/avr/5.4.0/avr5\libgcc.a(_clear_bss.o)
 .text.libgcc.mul
                0x00000000        0x0 c:/program files (x86)/atmel/studio/7.0/toolchain/avr8/avr8-gnu-toolchain/bin/../lib/gcc/avr/5.4.0/avr5\libgcc.a(_clear_bss.o)
 .text.libgcc.div
                0x00000000        0x0 c:/program files (x86)/atmel/studio/7.0/toolchain/avr8/avr8-gnu-toolchain/bin/../lib/gcc/avr/5.4.0/avr5\libgcc.a(_clear_bss.o)
 .text.libgcc   0x00000000        0x0 c:/program files (x86)/atmel/studio/7.0/toolchain/avr8/avr8-gnu-toolchain/bin/../lib/gcc/avr/5.4.0/avr5\libgcc.a(_clear_bss.o)
 .text.libgcc.prologue
                0x00000000        0x0 c:/program files (x86)/atmel/studio/7.0/toolchain/avr8/avr8-gnu-toolchain/bin/../lib/gcc/avr/5.4.0/avr5\libgcc.a(_clear_bss.o)
 .text.libgcc.builtins
                0x00000000        0x0 c:/program files (x86)/atmel/studio/7.0/toolchain/avr8/avr8-gnu-toolchain/bin/../lib/gcc/avr/5.4.0/avr5\libgcc.a(_clear_bss.o)
 .text.libgcc.fmul
                0x00000000        0x0 c:/program files (x86)/atmel/studio/7.0/toolchain/avr8/avr8-gnu-toolchain/bin/../lib/gcc/avr/5.4.0/avr5\libgcc.a(_clear_bss.o)
 .text.libgcc.fixed
                0x00000000        0x0 c:/program files (x86)/atmel/studio/7.0/toolchain/avr8/avr8-gnu-toolchain/bin/../lib/gcc/avr/5.4.0/avr5\libgcc.a(_clear_bss.o)
 .text          0x00000000        0x0 c:/program files (x86)/atmel/studio/7.0/toolchain/avr8/avr8-gnu-toolchain/bin/../lib/gcc/avr/5.4.0/avr5\libgcc.a(_umulhisi3.o)
 .data          0x00000000        0x0 c:/program files (x86)/atmel/studio/7.0/toolchain/avr8/avr8-gnu-toolchain/bin/../lib/gcc/avr/5.4.0/avr5\libgcc.a(_umulhisi3.o)
 .bss           0x00000000        0x0 c:/program files (x86)/atmel/studio/7.0/toolchain/avr8/avr8-gnu-toolchain/bin/../lib/gcc/avr/5.4.0/avr5\libgcc.a(_umulhisi3.o)
 .text.libgcc.div
                0x00000000        0x0 c:/program files (x86)/atmel/studio/7.0/toolchain/avr8/avr8-gnu-toolchain/bin/../lib/gcc/avr/5.4.0/avr5\libgcc.a(_umulhisi3.o)
 .text.libgcc   0x00000000        0x0 c:/program files (x86)/atmel/studio/7.0/toolchain/avr8/avr8-gnu-toolchain/bin/../lib/gcc/avr/5.4.0/avr5\libgcc.a(_umulhisi3.o)
 .text.libgcc.prologue
                0x00000000        0x0 c:/program files (x86)/atmel/studio/7.0/toolchain/avr8/avr8-gnu-toolchain/bin/../lib/gcc/avr/5.4.0/avr5\libgcc.a(_umulhisi3.o)
 .text.libgcc.builtins
                0x00000000        0x0 c:/program files (x86)/atmel/studio/7.0/toolchain/avr8/avr8-gnu-toolchain/bin/../lib/gcc/avr/5.4.0/avr5\libgcc.a(_umulhisi3.o)
 .text.libgcc.fmul
                0x00000000        0x0 c:/program files (x86)/atmel/studio/7.0/toolchain/avr8/avr8-gnu-toolchain/bin/../lib/gcc/avr/5.4.0/avr5\libgcc.a(_umulhisi3.o)
 .text.libgcc.fixed
                0x00000000        0x0 c:/program files (x86)/atmel/studio/7.0/toolchain/avr8/avr8-gnu-toolchain/bin/../lib/gcc/avr/5.4.0/avr5\libgcc.a(_umulhisi3.o)
 .text          0x00000000        0x0 c:/program files (x86)/atmel/studio/7.0/toolchain/avr8/avr8-gnu-toolchain/bin/../lib/gcc/avr/5.4.0/../../../../avr/lib/avr5\libc.a(memcpy.o)
 .data          0x00000000        0x0 c:/program files (x86)/atmel/studio/7.0/toolchain/avr8/avr8-gnu-toolchain/bin/../lib/gcc/avr/5.4.0/../../../../avr/lib/avr5\libc.a(memcpy.o)
 .bss           0x00000000        0x0 c:/program files (x86)/atmel/studio/7.0/toolchain/avr8/avr8-gnu-toolchain/bin/../lib/gcc/avr/5.4.0/../../../../avr/lib/avr5\libc.a(memcpy.o)
 .text.avr-libc
                0x00000000       0x12 c:/program files (x86)/atmel/studio/7.0/toolchain/avr8/avr8-gnu-toolchain/bin/../lib/gcc/avr/5.4.0/../../../../avr/lib/avr5\libc.a(memcpy.o)
 .text          0x00000000        0x0 c:/program files (x86)/atmel/studio/7.0/toolchain/avr8/avr8-gnu-toolchain/bin/../lib/gcc/avr/5.4.0/../../../../avr/lib/avr5\libc.a(itoa.o)
 .data          0x00000000        0x0 c:/program files (x86)/atmel/studio/7.0/toolchain/avr8/avr8-gnu-toolchain/bin/../lib/gcc/avr/5.4.0/../../../../avr/lib/avr5\libc.a(itoa.o)
 .bss           0x00000000        0x0 c:/program files (x86)/atmel/studio/7.0/toolchain/avr8/avr8-gnu-toolchain/bin/../lib/gcc/avr/5.4.0/../../../../avr/lib/avr5\libc.a(itoa.o)
 .text.avr-libc
                0x00000000       0x16 c:/program files (x86)/atmel/studio/7.0/toolchain/avr8/avr8-gnu-toolchain/bin/../lib/gcc/avr/5.4.0/../../../../avr/lib/avr5\libc.a(itoa.o)
 .text          0x00000000        0x0 c:/program files (x86)/atmel/studio/7.0/toolchain/avr8/avr8-gnu-toolchain/bin/../lib/gcc/avr/5.4.0/../../../../avr/lib/avr5\libc.a(itoa_ncheck.o)
 .data          0x00000000        0x0 c:/program files (x86)/atmel/studio/7.0/toolchain/avr8/avr8-gnu-toolchain/bin/../lib/gcc/avr/5.4.0/../../../../avr/lib/avr5\libc.a(itoa_ncheck.o)
 .bss           0x00000000        0x0 c:/program files (x86)/atmel/studio/7.0/toolchain/avr8/avr8-gnu-toolchain/bin/../lib/gcc/avr/5.4.0/../../../../avr/lib/avr5\libc.a(itoa_ncheck.o)
 .text.avr-libc
                0x00000000       0x16 c:/program files (x86)/atmel/studio/7.0/toolchain/avr8/avr8-gnu-toolchain/bin/../lib/gcc/avr/5.4.0/../../../../avr/lib/avr5\libc.a(itoa_ncheck.o)
 .text          0x00000000        0x0 c:/program files (x86)/atmel/studio/7.0/toolchain/avr8/avr8-gnu-toolchain/bin/../lib/gcc/avr/5.4.0/../../../../avr/lib/avr5\libc.a(utoa_ncheck.o)
 .data          0x00000000        0x0 c:/program files (x86)/atmel/studio/7.0/toolchain/avr8/avr8-gnu-toolchain/bin/../lib/gcc/avr/5.4.0/../../../../avr/lib/avr5\libc.a(utoa_ncheck.o)
 .bss           0x00000000        0x0 c:/program files (x86)/atmel/studio/7.0/toolchain/avr8/avr8-gnu-toolchain/bin/../lib/gcc/avr/5.4.0/../../../../avr/lib/avr5\libc.a(utoa_ncheck.o)
 .text.avr-libc
                0x00000000       0x34 c:/program files (x86)/atmel/studio/7.0/toolchain/avr8/avr8-gnu-toolchain/bin/../lib/gcc/avr/5.4.0/../../../../avr/lib/avr5\libc.a(utoa_ncheck.o)
 .text          0x00000000        0x0 c:/program files (x86)/atmel/studio/7.0/toolchain/avr8/avr8-gnu-toolchain/bin/../lib/gcc/avr/5.4.0/../../../../avr/lib/avr5\libc.a(strrev.o)
 .data          0x00000000        0x0 c:/program files (x86)/atmel/studio/7.0/toolchain/avr8/avr8-gnu-toolchain/bin/../lib/gcc/avr/5.4.0/../../../../avr/lib/avr5\libc.a(strrev.o)
 .bss           0x00000000        0x0 c:/program files (x86)/atmel/studio/7.0/toolchain/avr8/avr8-gnu-toolchain/bin/../lib/gcc/avr/5.4.0/../../../../avr/lib/avr5\libc.a(strrev.o)
 .text.avr-libc
                0x00000000       0x20 c:/program files (x86)/atmel/studio/7.0/toolchain/avr8/avr8-gnu-toolchain/bin/../lib/gcc/avr/5.4.0/../../../../avr/lib/avr5\libc.a(strrev.o)

Memory Configuration

Name             Origin             Length             Attributes
text             0x00000000         0x00008000         xr
data             0x00800060         0x00000800         rw !x
eeprom           0x00810000         0x00000400         rw !x
fuse             0x00820000         0x00000002         rw !x
lock             0x00830000         0x00000400         rw !x
signature        0x00840000         0x00000400         rw !x
user_signatures  0x00850000         0x00000400         rw !x
*default*        0x00000000         0xffffffff

Linker script and memory map

LOAD C:/Program Files (x86)/Atmel/Studio/7.0/Packs/atmel/ATmega_DFP/1.6.364/gcc/dev/atmega32/avr5/crtatmega32.o
LOAD drivers/src/7seg.o
LOAD drivers/src/adc.o
LOAD drivers/src/lcd.o
LOAD drivers/src/pwm.o
LOAD drivers/src/tasks.o
LOAD drivers/src/Timer.o
LOAD drivers/src/uart.o
LOAD Source/croutine.o
LOAD Source/event_groups.o
LOAD Source/list.o
LOAD Source/portable/GCC/ATMega323/port.o
LOAD Source/portable/MemMang/heap_1.o
LOAD Source/queue.o
LOAD Source/tasks.o
LOAD Source/timers.o
LOAD main.o
START GROUP
LOAD c:/program files (x86)/atmel/studio/7.0/toolchain/avr8/avr8-gnu-toolchain/bin/../lib/gcc/avr/5.4.0/../../../../avr/lib/avr5\libm.a
END GROUP
START GROUP
LOAD c:/program files (x86)/atmel/studio/7.0/toolchain/avr8/avr8-gnu-toolchain/bin/../lib/gcc/avr/5.4.0/avr5\libgcc.a
LOAD c:/program files (x86)/atmel/studio/7.0/toolchain/avr8/avr8-gnu-toolchain/bin/../lib/gcc/avr/5.4.0/../../../../avr/lib/avr5\libm.a
LOAD c:/program files (x86)/atmel/studio/7.0/toolchain/avr8/avr8-gnu-toolchain/bin/../lib/gcc/avr/5.4.0/../../../../avr/lib/avr5\libc.a
LOAD C:/Program Files (x86)/Atmel/Studio/7.0/Packs/atmel/ATmega_DFP/1.6.364/gcc/dev/atmega32/avr5\libatmega32.a
END GROUP
                0x00000000                __TEXT_REGION_ORIGIN__ = DEFINED (__TEXT_REGION_ORIGIN__)?__TEXT_REGION_ORIGIN__:0x0
                [0x00800060]                __DATA_REGION_ORIGIN__ = DEFINED (__DATA_REGION_ORIGIN__)?__DATA_REGION_ORIGIN__:0x800060
                [0x00008000]                __TEXT_REGION_LENGTH__ = DEFINED (__TEXT_REGION_LENGTH__)?__TEXT_REGION_LENGTH__:0x20000
                [0x00000800]                __DATA_REGION_LENGTH__ = DEFINED (__DATA_REGION_LENGTH__)?__DATA_REGION_LENGTH__:0xffa0
                [0x00000400]                __EEPROM_REGION_LENGTH__ = DEFINED (__EEPROM_REGION_LENGTH__)?__EEPROM_REGION_LENGTH__:0x10000
                [0x00000002]                __FUSE_REGION_LENGTH__ = DEFINED (__FUSE_REGION_LENGTH__)?__FUSE_REGION_LENGTH__:0x400
                0x00000400                __LOCK_REGION_LENGTH__ = DEFINED (__LOCK_REGION_LENGTH__)?__LOCK_REGION_LENGTH__:0x400
                0x00000400                __SIGNATURE_REGION_LENGTH__ = DEFINED (__SIGNATURE_REGION_LENGTH__)?__SIGNATURE_REGION_LENGTH__:0x400
                0x00000400                __USER_SIGNATURE_REGION_LENGTH__ = DEFINED (__USER_SIGNATURE_REGION_LENGTH__)?__USER_SIGNATURE_REGION_LENGTH__:0x400

.hash
 *(.hash)

.dynsym
 *(.dynsym)

.dynstr
 *(.dynstr)

.gnu.version
 *(.gnu.version)

.gnu.version_d
 *(.gnu.version_d)

.gnu.version_r
 *(.gnu.version_r)

.rel.init
 *(.rel.init)

.rela.init
 *(.rela.init)

.rel.text
 *(.rel.text)
 *(.rel.text.*)
 *(.rel.gnu.linkonce.t*)

.rela.text
 *(.rela.text)
 *(.rela.text.*)
 *(.rela.gnu.linkonce.t*)

.rel.fini
 *(.rel.fini)

.rela.fini
 *(.rela.fini)

.rel.rodata
 *(.rel.rodata)
 *(.rel.rodata.*)
 *(.rel.gnu.linkonce.r*)

.rela.rodata
 *(.rela.rodata)
 *(.rela.rodata.*)
 *(.rela.gnu.linkonce.r*)

.rel.data
 *(.rel.data)
 *(.rel.data.*)
 *(.rel.gnu.linkonce.d*)

.rela.data
 *(.rela.data)
 *(.rela.data.*)
 *(.rela.gnu.linkonce.d*)

.rel.ctors
 *(.rel.ctors)

.rela.ctors
 *(.rela.ctors)

.rel.dtors
 *(.rel.dtors)

.rela.dtors
 *(.rela.dtors)

.rel.got
 *(.rel.got)

.rela.got
 *(.rela.got)

.rel.bss
 *(.rel.bss)

.rela.bss
 *(.rela.bss)

.rel.plt
 *(.rel.plt)

.rela.plt
 *(.rela.plt)

.text           0x00000000     0x1384
 *(.vectors)
 .vectors       0x00000000       0x54 C:/Program Files (x86)/Atmel/Studio/7.0/Packs/atmel/ATmega_DFP/1.6.364/gcc/dev/atmega32/avr5/crtatmega32.o
                0x00000000                __vector_default
                0x00000000                __vectors
 *(.vectors)
 *(.progmem.gcc*)
 .progmem.gcc_sw_table.display_fun
                0x00000054       0x14 drivers/src/7seg.o
                0x00000068                . = ALIGN (0x2)
                0x00000068                __trampolines_start = .
 *(.trampolines)
 .trampolines   0x00000068        0x0 linker stubs
 *(.trampolines*)
                0x00000068                __trampolines_end = .
 *libprintf_flt.a:*(.progmem.data)
 *libc.a:*(.progmem.data)
 *(.progmem*)
                0x00000068                . = ALIGN (0x2)
 *(.jumptables)
 *(.jumptables*)
 *(.lowtext)
 *(.lowtext*)
                0x00000068                __ctors_start = .
 *(.ctors)
                0x00000068                __ctors_end = .
                0x00000068                __dtors_start = .
 *(.dtors)
                0x00000068                __dtors_end = .
 SORT(*)(.ctors)
 SORT(*)(.dtors)
 *(.init0)
 .init0         0x00000068        0x0 C:/Program Files (x86)/Atmel/Studio/7.0/Packs/atmel/ATmega_DFP/1.6.364/gcc/dev/atmega32/avr5/crtatmega32.o
                0x00000068                __init
 *(.init0)
 *(.init1)
 *(.init1)
 *(.init2)
 .init2         0x00000068        0xc C:/Program Files (x86)/Atmel/Studio/7.0/Packs/atmel/ATmega_DFP/1.6.364/gcc/dev/atmega32/avr5/crtatmega32.o
 *(.init2)
 *(.init3)
 *(.init3)
 *(.init4)
 .init4         0x00000074       0x16 c:/program files (x86)/atmel/studio/7.0/toolchain/avr8/avr8-gnu-toolchain/bin/../lib/gcc/avr/5.4.0/avr5\libgcc.a(_copy_data.o)
                0x00000074                __do_copy_data
 .init4         0x0000008a       0x10 c:/program files (x86)/atmel/studio/7.0/toolchain/avr8/avr8-gnu-toolchain/bin/../lib/gcc/avr/5.4.0/avr5\libgcc.a(_clear_bss.o)
                0x0000008a                __do_clear_bss
 *(.init4)
 *(.init5)
 *(.init5)
 *(.init6)
 *(.init6)
 *(.init7)
 *(.init7)
 *(.init8)
 *(.init8)
 *(.init9)
 .init9         0x0000009a        0x8 C:/Program Files (x86)/Atmel/Studio/7.0/Packs/atmel/ATmega_DFP/1.6.364/gcc/dev/atmega32/avr5/crtatmega32.o
 *(.init9)
 *(.text)
 .text          0x000000a2        0x4 C:/Program Files (x86)/Atmel/Studio/7.0/Packs/atmel/ATmega_DFP/1.6.364/gcc/dev/atmega32/avr5/crtatmega32.o
                0x000000a2                __vector_1
                0x000000a2                __vector_12
                0x000000a2                __bad_interrupt
                0x000000a2                __vector_6
                0x000000a2                __vector_3
                0x000000a2                __vector_11
                0x000000a2                __vector_13
                0x000000a2                __vector_17
                0x000000a2                __vector_19
                0x000000a2                __vector_5
                0x000000a2                __vector_4
                0x000000a2                __vector_9
                0x000000a2                __vector_2
                0x000000a2                __vector_15
                0x000000a2                __vector_8
                0x000000a2                __vector_14
                0x000000a2                __vector_16
                0x000000a2                __vector_18
                0x000000a2                __vector_20
                0x000000a6                . = ALIGN (0x2)
 *(.text.*)
 .text.display_seg_init
                0x000000a6        0x8 drivers/src/7seg.o
                0x000000a6                display_seg_init
 .text.display_fun
                0x000000ae       0x9a drivers/src/7seg.o
                0x000000ae                display_fun
 .text.two_digit_7seg
                0x00000148       0x92 drivers/src/7seg.o
                0x00000148                two_digit_7seg
 .text.ADC_init
                0x000001da        0x8 drivers/src/adc.o
                0x000001da                ADC_init
 .text.ADC_readChannel
                0x000001e2       0x24 drivers/src/adc.o
                0x000001e2                ADC_readChannel
 .text.pwm_init
                0x00000206       0x12 drivers/src/pwm.o
                0x00000206                pwm_init
 .text.pwm_fun  0x00000218        0x4 drivers/src/pwm.o
                0x00000218                pwm_fun
 .text.leds_init
                0x0000021c        0xe drivers/src/pwm.o
                0x0000021c                leds_init
 .text.traffic_light_handele
                0x0000022a       0x30 drivers/src/pwm.o
                0x0000022a                traffic_light_handele
 .text.__vector_10
                0x0000025a       0x14 drivers/src/Timer.o
                0x0000025a                __vector_10
 .text.UART_init
                0x0000026e       0x42 drivers/src/uart.o
                0x0000026e                UART_init
 .text.UART_sendByte
                0x000002b0        0x8 drivers/src/uart.o
                0x000002b0                UART_sendByte
 .text.UART_recieveByte
                0x000002b8        0x8 drivers/src/uart.o
                0x000002b8                UART_recieveByte
 .text.UART_sendString
                0x000002c0       0x26 drivers/src/uart.o
                0x000002c0                UART_sendString
 .text.UART_receiveString
                0x000002e6       0x46 drivers/src/uart.o
                0x000002e6                UART_receiveString
 .text.vListInitialise
                0x0000032c       0x1c Source/list.o
                0x0000032c                vListInitialise
 .text.vListInitialiseItem
                0x00000348        0x8 Source/list.o
                0x00000348                vListInitialiseItem
 .text.vListInsert
                0x00000350       0x62 Source/list.o
                0x00000350                vListInsert
 .text.uxListRemove
                0x000003b2       0x4e Source/list.o
                0x000003b2                uxListRemove
 .text.prvSetupTimerInterrupt
                0x00000400       0x12 Source/portable/GCC/ATMega323/port.o
 .text.pxPortInitialiseStack
                0x00000412       0xd8 Source/portable/GCC/ATMega323/port.o
                0x00000412                pxPortInitialiseStack
 .text.xPortStartScheduler
                0x000004ea       0x5e Source/portable/GCC/ATMega323/port.o
                0x000004ea                xPortStartScheduler
 .text.vPortYield
                0x00000548       0xb2 Source/portable/GCC/ATMega323/port.o
                0x00000548                vPortYield
 .text.vPortYieldFromTick
                0x000005fa       0xb8 Source/portable/GCC/ATMega323/port.o
                0x000005fa                vPortYieldFromTick
 .text.__vector_7
                0x000006b2        0x6 Source/portable/GCC/ATMega323/port.o
                0x000006b2                __vector_7
 .text.pvPortMalloc
                0x000006b8       0x74 Source/portable/MemMang/heap_1.o
                0x000006b8                pvPortMalloc
 .text.vPortFree
                0x0000072c        0x2 Source/portable/MemMang/heap_1.o
                0x0000072c                vPortFree
 .text.prvResetNextTaskUnblockTime
                0x0000072e       0x38 Source/tasks.o
 .text.prvDeleteTCB
                0x00000766       0x1a Source/tasks.o
 .text.prvInitialiseNewTask
                0x00000780       0xfc Source/tasks.o
 .text.prvInitialiseTaskLists
                0x0000087c       0x66 Source/tasks.o
 .text.prvAddNewTaskToReadyList
                0x000008e2       0xfa Source/tasks.o
 .text.prvCheckTasksWaitingTermination
                0x000009dc       0x4c Source/tasks.o
 .text.prvIdleTask
                0x00000a28       0x12 Source/tasks.o
 .text.prvAddCurrentTaskToDelayedList
                0x00000a3a       0x88 Source/tasks.o
 .text.xTaskCreate
                0x00000ac2       0xa8 Source/tasks.o
                0x00000ac2                xTaskCreate
 .text.vTaskStartScheduler
                0x00000b6a       0x58 Source/tasks.o
                0x00000b6a                vTaskStartScheduler
 .text.vTaskSuspendAll
                0x00000bc2        0xc Source/tasks.o
                0x00000bc2                vTaskSuspendAll
 .text.xTaskGetTickCount
                0x00000bce       0x14 Source/tasks.o
                0x00000bce                xTaskGetTickCount
 .text.xTaskIncrementTick
                0x00000be2      0x234 Source/tasks.o
                0x00000be2                xTaskIncrementTick
 .text.xTaskResumeAll
                0x00000e16      0x1aa Source/tasks.o
                0x00000e16                xTaskResumeAll
 .text.xTaskDelayUntil
                0x00000fc0       0x84 Source/tasks.o
                0x00000fc0                xTaskDelayUntil
 .text.vTaskDelay
                0x00001044       0x2c Source/tasks.o
                0x00001044                vTaskDelay
 .text.vTaskSwitchContext
                0x00001070       0xa8 Source/tasks.o
                0x00001070                vTaskSwitchContext
 .text.Task1_Func
                0x00001118       0x80 main.o
                0x00001118                Task1_Func
 .text.Task2_Func
                0x00001198       0x80 main.o
                0x00001198                Task2_Func
 .text.emergencydetection_Func
                0x00001218       0x66 main.o
                0x00001218                emergencydetection_Func
 .text.main     0x0000127e       0x94 main.o
                0x0000127e                main
 .text.libgcc.div
                0x00001312       0x44 c:/program files (x86)/atmel/studio/7.0/toolchain/avr8/avr8-gnu-toolchain/bin/../lib/gcc/avr/5.4.0/avr5\libgcc.a(_udivmodsi4.o)
                0x00001312                __udivmodsi4
 .text.libgcc   0x00001356        0xc c:/program files (x86)/atmel/studio/7.0/toolchain/avr8/avr8-gnu-toolchain/bin/../lib/gcc/avr/5.4.0/avr5\libgcc.a(_tablejump2.o)
                0x00001356                __tablejump2__
 .text.libgcc.mul
                0x00001362       0x1e c:/program files (x86)/atmel/studio/7.0/toolchain/avr8/avr8-gnu-toolchain/bin/../lib/gcc/avr/5.4.0/avr5\libgcc.a(_umulhisi3.o)
                0x00001362                __umulhisi3
                0x00001380                . = ALIGN (0x2)
 *(.fini9)
 .fini9         0x00001380        0x0 c:/program files (x86)/atmel/studio/7.0/toolchain/avr8/avr8-gnu-toolchain/bin/../lib/gcc/avr/5.4.0/avr5\libgcc.a(_exit.o)
                0x00001380                _exit
                0x00001380                exit
 *(.fini9)
 *(.fini8)
 *(.fini8)
 *(.fini7)
 *(.fini7)
 *(.fini6)
 *(.fini6)
 *(.fini5)
 *(.fini5)
 *(.fini4)
 *(.fini4)
 *(.fini3)
 *(.fini3)
 *(.fini2)
 *(.fini2)
 *(.fini1)
 *(.fini1)
 *(.fini0)
 .fini0         0x00001380        0x4 c:/program files (x86)/atmel/studio/7.0/toolchain/avr8/avr8-gnu-toolchain/bin/../lib/gcc/avr/5.4.0/avr5\libgcc.a(_exit.o)
 *(.fini0)
                0x00001384                _etext = .

.data           0x00800060       0x34 load address 0x00001384
                0x00800060                PROVIDE (__data_start, .)
 *(.data)
 *(.data*)
 .data.uxTopUsedPriority
                0x00800060        0x1 Source/tasks.o
                0x00800060                uxTopUsedPriority
 *(.gnu.linkonce.d*)
 *(.rodata)
 *(.rodata*)
 .rodata.str1.1
                0x00800061        0x5 Source/tasks.o
 .rodata.str1.1
                0x00800066       0x2d main.o
 *(.gnu.linkonce.r*)
                0x00800094                . = ALIGN (0x2)
 *fill*         0x00800093        0x1 
                0x00800094                _edata = .
                0x00800094                PROVIDE (__data_end, .)

.bss            0x00800094      0x64a
                0x00800094                PROVIDE (__bss_start, .)
 *(.bss)
 *(.bss*)
 .bss.pucAlignedHeap.2109
                0x00800094        0x2 Source/portable/MemMang/heap_1.o
 .bss.xNextFreeByte
                0x00800096        0x2 Source/portable/MemMang/heap_1.o
 .bss.ucHeap    0x00800098      0x5dc Source/portable/MemMang/heap_1.o
 .bss.uxSchedulerSuspended
                0x00800674        0x1 Source/tasks.o
 .bss.xIdleTaskHandle
                0x00800675        0x2 Source/tasks.o
 .bss.xNextTaskUnblockTime
                0x00800677        0x2 Source/tasks.o
 .bss.uxTaskNumber
                0x00800679        0x1 Source/tasks.o
 .bss.xNumOfOverflows
                0x0080067a        0x1 Source/tasks.o
 .bss.xYieldPending
                0x0080067b        0x1 Source/tasks.o
 .bss.xPendedTicks
                0x0080067c        0x2 Source/tasks.o
 .bss.xSchedulerRunning
                0x0080067e        0x1 Source/tasks.o
 .bss.uxTopReadyPriority
                0x0080067f        0x1 Source/tasks.o
 .bss.xTickCount
                0x00800680        0x2 Source/tasks.o
 .bss.uxCurrentNumberOfTasks
                0x00800682        0x1 Source/tasks.o
 .bss.uxDeletedTasksWaitingCleanUp
                0x00800683        0x1 Source/tasks.o
 .bss.xTasksWaitingTermination
                0x00800684        0x9 Source/tasks.o
 .bss.xPendingReadyList
                0x0080068d        0x9 Source/tasks.o
 .bss.pxOverflowDelayedTaskList
                0x00800696        0x2 Source/tasks.o
 .bss.pxDelayedTaskList
                0x00800698        0x2 Source/tasks.o
 .bss.xDelayedTaskList2
                0x0080069a        0x9 Source/tasks.o
 .bss.xDelayedTaskList1
                0x008006a3        0x9 Source/tasks.o
 .bss.pxReadyTasksLists
                0x008006ac       0x24 Source/tasks.o
 .bss.pxCurrentTCB
                0x008006d0        0x2 Source/tasks.o
                0x008006d0                pxCurrentTCB
 .bss.pedestrian_request
                0x008006d2        0x1 main.o
                0x008006d2                pedestrian_request
 .bss.counter   0x008006d3        0x1 main.o
                0x008006d3                counter
 .bss.g_adcResult
                0x008006d4        0x2 main.o
                0x008006d4                g_adcResult
 .bss.emergency_detection
                0x008006d6        0x1 main.o
                0x008006d6                emergency_detection
 *(COMMON)
 COMMON         0x008006d7        0x7 main.o
                0x008006d7                task3ptr
                0x008006d9                state
                0x008006da                task2ptr
                0x008006dc                task1ptr
                0x008006de                PROVIDE (__bss_end, .)
                0x00001384                __data_load_start = LOADADDR (.data)
                0x000013b8                __data_load_end = (__data_load_start + SIZEOF (.data))

.noinit         0x008006de        0x0
                [!provide]                PROVIDE (__noinit_start, .)
 *(.noinit*)
                [!provide]                PROVIDE (__noinit_end, .)
                0x008006de                _end = .
                [!provide]                PROVIDE (__heap_start, .)

.eeprom         0x00810000        0x0
 *(.eeprom*)
                0x00810000                __eeprom_end = .

.fuse
 *(.fuse)
 *(.lfuse)
 *(.hfuse)
 *(.efuse)

.lock
 *(.lock*)

.signature
 *(.signature*)

.user_signatures
 *(.user_signatures*)

.stab
 *(.stab)

.stabstr
 *(.stabstr)

.stab.excl
 *(.stab.excl)

.stab.exclstr
 *(.stab.exclstr)

.stab.index
 *(.stab.index)

.stab.indexstr
 *(.stab.indexstr)

.comment        0x00000000       0x30
 *(.comment)
 .comment       0x00000000       0x30 drivers/src/7seg.o
                                 0x31 (size before relaxing)
 .comment       0x00000030       0x31 drivers/src/adc.o
 .comment       0x00000030       0x31 drivers/src/pwm.o
 .comment       0x00000030       0x31 drivers/src/Timer.o
 .comment       0x00000030       0x31 drivers/src/uart.o
 .comment       0x00000030       0x31 Source/list.o
 .comment       0x00000030       0x31 Source/portable/GCC/ATMega323/port.o
 .comment       0x00000030       0x31 Source/portable/MemMang/heap_1.o
 .comment       0x00000030       0x31 Source/tasks.o
 .comment       0x00000030       0x31 main.o

.note.gnu.avr.deviceinfo
                0x00000000       0x3c
 .note.gnu.avr.deviceinfo
                0x00000000       0x3c C:/Program Files (x86)/Atmel/Studio/7.0/Packs/atmel/ATmega_DFP/1.6.364/gcc/dev/atmega32/avr5/crtatmega32.o

.note.gnu.build-id
 *(.note.gnu.build-id)

.debug
 *(.debug)

.line
 *(.line)

.debug_srcinfo
 *(.debug_srcinfo)

.debug_sfnames
 *(.debug_sfnames)

.debug_aranges  0x00000000      0x350
 *(.debug_aranges)
 .debug_aranges
                0x00000000       0x38 drivers/src/7seg.o
 .debug_aranges
                0x00000038       0x28 drivers/src/adc.o
 .debug_aranges
                0x00000060       0x38 drivers/src/pwm.o
 .debug_aranges
                0x00000098       0x28 drivers/src/Timer.o
 .debug_aranges
                0x000000c0       0x40 drivers/src/uart.o
 .debug_aranges
                0x00000100       0x40 Source/list.o
 .debug_aranges
                0x00000140       0x50 Source/portable/GCC/ATMega323/port.o
 .debug_aranges
                0x00000190       0x38 Source/portable/MemMang/heap_1.o
 .debug_aranges
                0x000001c8      0x150 Source/tasks.o
 .debug_aranges
                0x00000318       0x38 main.o

.debug_pubnames
 *(.debug_pubnames)

.debug_info     0x00000000     0x3399
 *(.debug_info .gnu.linkonce.wi.*)
 .debug_info    0x00000000      0x4e6 C:/Program Files (x86)/Atmel/Studio/7.0/Packs/atmel/ATmega_DFP/1.6.364/gcc/dev/atmega32/avr5/crtatmega32.o
 .debug_info    0x000004e6      0x281 drivers/src/7seg.o
 .debug_info    0x00000767      0x123 drivers/src/adc.o
 .debug_info    0x0000088a      0x156 drivers/src/pwm.o
 .debug_info    0x000009e0       0xfe drivers/src/Timer.o
 .debug_info    0x00000ade      0x1f8 drivers/src/uart.o
 .debug_info    0x00000cd6      0x2d8 Source/list.o
 .debug_info    0x00000fae      0x24e Source/portable/GCC/ATMega323/port.o
 .debug_info    0x000011fc      0x1a4 Source/portable/MemMang/heap_1.o
 .debug_info    0x000013a0     0x1991 Source/tasks.o
 .debug_info    0x00002d31      0x668 main.o

.debug_abbrev   0x00000000     0x1134
 *(.debug_abbrev)
 .debug_abbrev  0x00000000      0x4a3 C:/Program Files (x86)/Atmel/Studio/7.0/Packs/atmel/ATmega_DFP/1.6.364/gcc/dev/atmega32/avr5/crtatmega32.o
 .debug_abbrev  0x000004a3      0x17f drivers/src/7seg.o
 .debug_abbrev  0x00000622       0xb0 drivers/src/adc.o
 .debug_abbrev  0x000006d2       0xcc drivers/src/pwm.o
 .debug_abbrev  0x0000079e       0xae drivers/src/Timer.o
 .debug_abbrev  0x0000084c      0x13d drivers/src/uart.o
 .debug_abbrev  0x00000989       0xff Source/list.o
 .debug_abbrev  0x00000a88      0x143 Source/portable/GCC/ATMega323/port.o
 .debug_abbrev  0x00000bcb      0x11c Source/portable/MemMang/heap_1.o
 .debug_abbrev  0x00000ce7      0x294 Source/tasks.o
 .debug_abbrev  0x00000f7b      0x1b9 main.o

.debug_line     0x00000000     0x21d7
 *(.debug_line .debug_line.* .debug_line_end)
 .debug_line    0x00000000      0x116 C:/Program Files (x86)/Atmel/Studio/7.0/Packs/atmel/ATmega_DFP/1.6.364/gcc/dev/atmega32/avr5/crtatmega32.o
 .debug_line    0x00000116      0x2a1 drivers/src/7seg.o
 .debug_line    0x000003b7      0x119 drivers/src/adc.o
 .debug_line    0x000004d0      0x14f drivers/src/pwm.o
 .debug_line    0x0000061f       0xec drivers/src/Timer.o
 .debug_line    0x0000070b      0x1ad drivers/src/uart.o
 .debug_line    0x000008b8      0x208 Source/list.o
 .debug_line    0x00000ac0      0x2cb Source/portable/GCC/ATMega323/port.o
 .debug_line    0x00000d8b      0x1d5 Source/portable/MemMang/heap_1.o
 .debug_line    0x00000f60      0xfb9 Source/tasks.o
 .debug_line    0x00001f19      0x2be main.o

.debug_frame    0x00000000      0x8ac
 *(.debug_frame)
 .debug_frame   0x00000000       0x68 drivers/src/7seg.o
 .debug_frame   0x00000068       0x34 drivers/src/adc.o
 .debug_frame   0x0000009c       0x54 drivers/src/pwm.o
 .debug_frame   0x000000f0       0x40 drivers/src/Timer.o
 .debug_frame   0x00000130       0x90 drivers/src/uart.o
 .debug_frame   0x000001c0       0x88 Source/list.o
 .debug_frame   0x00000248       0x84 Source/portable/GCC/ATMega323/port.o
 .debug_frame   0x000002cc       0x60 Source/portable/MemMang/heap_1.o
 .debug_frame   0x0000032c      0x50c Source/tasks.o
 .debug_frame   0x00000838       0x74 main.o

.debug_str      0x00000000     0x11db
 *(.debug_str)
 .debug_str     0x00000000      0x196 C:/Program Files (x86)/Atmel/Studio/7.0/Packs/atmel/ATmega_DFP/1.6.364/gcc/dev/atmega32/avr5/crtatmega32.o
 .debug_str     0x00000196      0x226 drivers/src/7seg.o
                                0x260 (size before relaxing)
 .debug_str     0x000003bc       0x43 drivers/src/adc.o
                                0x1f2 (size before relaxing)
 .debug_str     0x000003ff       0x54 drivers/src/pwm.o
                                0x1fc (size before relaxing)
 .debug_str     0x00000453       0x3d drivers/src/Timer.o
                                0x1df (size before relaxing)
 .debug_str     0x00000490       0x83 drivers/src/uart.o
                                0x232 (size before relaxing)
 .debug_str     0x00000513      0x14e Source/list.o
                                0x2b8 (size before relaxing)
 .debug_str     0x00000661      0x134 Source/portable/GCC/ATMega323/port.o
                                0x2c8 (size before relaxing)
 .debug_str     0x00000795       0xc5 Source/portable/MemMang/heap_1.o
                                0x23a (size before relaxing)
 .debug_str     0x0000085a      0x8ac Source/tasks.o
                                0xc41 (size before relaxing)
 .debug_str     0x00001106       0xd5 main.o
                                0x3b0 (size before relaxing)

.debug_loc      0x00000000     0x2955
 *(.debug_loc)
 .debug_loc     0x00000000      0x34c drivers/src/7seg.o
 .debug_loc     0x0000034c       0x2e drivers/src/adc.o
 .debug_loc     0x0000037a       0xa6 drivers/src/pwm.o
 .debug_loc     0x00000420       0x5c drivers/src/Timer.o
 .debug_loc     0x0000047c      0x18e drivers/src/uart.o
 .debug_loc     0x0000060a      0x145 Source/list.o
 .debug_loc     0x0000074f      0x2a0 Source/portable/GCC/ATMega323/port.o
 .debug_loc     0x000009ef      0x10f Source/portable/MemMang/heap_1.o
 .debug_loc     0x00000afe     0x1d44 Source/tasks.o
 .debug_loc     0x00002842      0x113 main.o

.debug_macinfo
 *(.debug_macinfo)

.debug_weaknames
 *(.debug_weaknames)

.debug_funcnames
 *(.debug_funcnames)

.debug_typenames
 *(.debug_typenames)

.debug_varnames
 *(.debug_varnames)

.debug_pubtypes
 *(.debug_pubtypes)

.debug_ranges   0x00000000      0x2f0
 *(.debug_ranges)
 .debug_ranges  0x00000000       0x28 drivers/src/7seg.o
 .debug_ranges  0x00000028       0x18 drivers/src/adc.o
 .debug_ranges  0x00000040       0x28 drivers/src/pwm.o
 .debug_ranges  0x00000068       0x18 drivers/src/Timer.o
 .debug_ranges  0x00000080       0x30 drivers/src/uart.o
 .debug_ranges  0x000000b0       0x30 Source/list.o
 .debug_ranges  0x000000e0       0x40 Source/portable/GCC/ATMega323/port.o
 .debug_ranges  0x00000120       0x28 Source/portable/MemMang/heap_1.o
 .debug_ranges  0x00000148      0x180 Source/tasks.o
 .debug_ranges  0x000002c8       0x28 main.o

.debug_macro
 *(.debug_macro)
OUTPUT(Final_project.elf elf32-avr)
LOAD linker stubs
